commit 525aef9abbf6c7edf05102b807dcbbc17484f013
Merge: f7261f0 23e2e4f
Author: Raisan <yuri@rainyan.net>
Date:   Mon May 18 05:48:23 2026 +0000

    [Merge] complate

commit 23e2e4f9cc83b6f62bdba17c4a2bb7891247a9fd
Author: Raisan <yuri@rainyan.net>
Date:   Mon May 18 14:43:23 2026 +0900

    [Edit] change blue to skyblue

commit f7261f0a6bb58a1b713a1c27eece67b44e78ba71
Author: Raisan <yuri@rainyan.net>
Date:   Mon May 18 05:42:30 2026 +0000

    [Edit] change cyan to skyblue

commit 6ca59e62db5d134d8767c5f2788a6a829b4d1d70
Author: Raisan <yuri@rainyan.net>
Date:   Mon May 18 14:08:28 2026 +0900

    [Edit] Chage tick to 1000ms

commit c7ea95bcc945cee9da8f63c8e55c4cd3bb30914d
Author: Raisan <yuri@rainyan.net>
Date:   Mon May 18 13:56:30 2026 +0900

    [Edit] change to lime

commit a07e502cda9abb8cbe1aeb2d35c23f2b49223bae
Author: code-raisan <yuri@rainyan.net>
Date:   Mon May 18 13:42:52 2026 +0900

    first
